John@Chaverra-Rios MINGW64 ~
$ pws
bash: pws: command not found

John@Chaverra-Rios MINGW64 ~
$ pwd
/c/Users/John

John@Chaverra-Rios MINGW64 ~
$ mkdir temporalgit

John@Chaverra-Rios MINGW64 ~
$ cd temporalgit

John@Chaverra-Rios MINGW64 ~/temporalgit
$ ls

John@Chaverra-Rios MINGW64 ~/temporalgit
$ psd
bash: psd: command not found

John@Chaverra-Rios MINGW64 ~/temporalgit
$ pwd
/c/Users/John/temporalgit

John@Chaverra-Rios MINGW64 ~/temporalgit
$ touch ejemplo1.txt

John@Chaverra-Rios MINGW64 ~/temporalgit
$ touch ejemplo2.txt

John@Chaverra-Rios MINGW64 ~/temporalgit
$ ls
ejemplo1.txt  ejemplo2.txt

John@Chaverra-Rios MINGW64 ~/temporalgit
$ git init
Initialized empty Git repository in C:/Users/John/temporalgit/.git/

John@Chaverra-Rios MINGW64 ~/temporalgit (master)
$ git add .

John@Chaverra-Rios MINGW64 ~/temporalgit (master)
$ git commit -m "subir archivos al commit"
[master (root-commit) 50ac00b] subir archivos al commit
 2 files changed, 0 insertions(+), 0 deletions(-)
 create mode 100644 ejemplo1.txt
 create mode 100644 ejemplo2.txt

John@Chaverra-Rios MINGW64 ~/temporalgit (master)
$ git remote add origin https://github.com/johnchv/mirepositorioremoto.git

John@Chaverra-Rios MINGW64 ~/temporalgit (master)
$ git status
On branch master
nothing to commit, working tree clean

John@Chaverra-Rios MINGW64 ~/temporalgit (master)
$ git push -u origin main
error: src refspec main does not match any
error: failed to push some refs to 'https://github.com/johnchv/mirepositorioremoto.git'

John@Chaverra-Rios MINGW64 ~/temporalgit (master)
$ git push -u origin master
Enumerating objects: 3, done.
Counting objects: 100% (3/3), done.
Delta compression using up to 4 threads
Compressing objects: 100% (2/2), done.
Writing objects: 100% (3/3), 225 bytes | 225.00 KiB/s, done.
Total 3 (delta 0), reused 0 (delta 0), pack-reused 0
To https://github.com/johnchv/mirepositorioremoto.git
 * [new branch]      master -> master
branch 'master' set up to track 'origin/master'.

John@Chaverra-Rios MINGW64 ~/temporalgit (master)
$ git remote -v
origin  https://github.com/johnchv/mirepositorioremoto.git (fetch)
origin  https://github.com/johnchv/mirepositorioremoto.git (push)

John@Chaverra-Rios MINGW64 ~/temporalgit (master)
$ git status
On branch master
Your branch is up to date with 'origin/master'.

nothing to commit, working tree clean

John@Chaverra-Rios MINGW64 ~/temporalgit (master)
$ git log
commit 50ac00b92cabd1d922001a12bbdfbc16ac78e41a (HEAD -> master, origin/master)
Author: johnchv <johnchv@yahoo.com>
Date:   Tue Jun 4 16:51:44 2024 -0500

    subir archivos al commit

John@Chaverra-Rios MINGW64 ~/temporalgit (master)
$ ^C

John@Chaverra-Rios MINGW64 ~/temporalgit (master)
$
----
John@Chaverra-Rios MINGW64 ~/temporalgit (master)
$ git push -u origin master
To https://github.com/johnchv/mirepositorioremoto.git
 ! [rejected]        master -> master (fetch first)
error: failed to push some refs to 'https://github.com/johnchv/mirepositorioremoto.git'
hint: Updates were rejected because the remote contains work that you do
hint: not have locally. This is usually caused by another repository pushing
hint: to the same ref. You may want to first integrate the remote changes
hint: (e.g., 'git pull ...') before pushing again.
hint: See the 'Note about fast-forwards' in 'git push --help' for details.

John@Chaverra-Rios MINGW64 ~/temporalgit (master)
$ git pull origin master --allow-unrelated-histories
remote: Enumerating objects: 8, done.
remote: Counting objects: 100% (8/8), done.
remote: Compressing objects: 100% (6/6), done.
remote: Total 6 (delta 0), reused 0 (delta 0), pack-reused 0
Unpacking objects: 100% (6/6), 2.63 KiB | 12.00 KiB/s, done.
From https://github.com/johnchv/mirepositorioremoto
 * branch            master     -> FETCH_HEAD
   50ac00b..3a0dd3a  master     -> origin/master
Updating 50ac00b..3a0dd3a
Fast-forward
 LineasDelBash | 99 +++++++++++++++++++++++++++++++++++++++++++++++++++++++++++
 ejemplo1.txt  |  3 ++
 2 files changed, 102 insertions(+)
 create mode 100644 LineasDelBash

John@Chaverra-Rios MINGW64 ~/temporalgit (master)
